// Jest Snapshot v1, https://goo.gl/fbAQLP

exports[`renders correctly 1`] = `
<View
  style={
    Object {
      "alignItems": "center",
      "backgroundColor": "rgba(0,0,0,.5)",
      "height": "100%",
      "opacity": 0,
      "padding": 10,
      "paddingBottom": 37.5,
      "paddingTop": 37.5,
      "width": "100%",
    }
  }
>
  <BlurView
    blurAmount={10}
    blurType="dark"
    style={
      Array [
        Object {
          "backgroundColor": "transparent",
        },
        Object {
          "bottom": 0,
          "left": 0,
          "position": "absolute",
          "right": 0,
          "top": 0,
        },
      ]
    }
  />
  <View
    onLayout={[Function]}
    style={
      Object {
        "maxHeight": 1304,
      }
    }
  >
    <View
      accessible={true}
      isTVSelectable={true}
      onResponderGrant={[Function]}
      onResponderMove={[Function]}
      onResponderRelease={[Function]}
      onResponderTerminate={[Function]}
      onResponderTerminationRequest={[Function]}
      onStartShouldSetResponder={[Function]}
      style={
        Object {
          "alignItems": "flex-end",
          "opacity": 1,
          "paddingBottom": 10,
          "paddingTop": 10,
        }
      }
    >
      <Image
        source={
          Object {
            "testUri": "../../../src/assets/x.png",
          }
        }
        style={
          Object {
            "height": 25,
            "width": 25,
          }
        }
      />
    </View>
    <RCTScrollView
      style={
        Array [
          Object {
            "borderRadius": 5,
            "width": 710,
          },
        ]
      }
    >
      <View>
        <View
          onLayout={[Function]}
          style={
            Array [
              Object {
                "backgroundColor": "rgba(0,0,0,.5)",
                "borderRadius": 5,
                "height": "auto",
                "width": 710,
              },
              Object {
                "padding": 25,
              },
            ]
          }
        />
        <View
          accessible={true}
          isTVSelectable={true}
          onResponderGrant={[Function]}
          onResponderMove={[Function]}
          onResponderRelease={[Function]}
          onResponderTerminate={[Function]}
          onResponderTerminationRequest={[Function]}
          onStartShouldSetResponder={[Function]}
          style={
            Object {
              "flex": 1,
              "height": -30,
              "opacity": 1,
            }
          }
        />
      </View>
    </RCTScrollView>
    <View
      accessible={true}
      isTVSelectable={true}
      onResponderGrant={[Function]}
      onResponderMove={[Function]}
      onResponderRelease={[Function]}
      onResponderTerminate={[Function]}
      onResponderTerminationRequest={[Function]}
      onStartShouldSetResponder={[Function]}
      style={
        Object {
          "height": 1334,
          "left": -50,
          "opacity": 1,
          "position": "absolute",
          "right": -50,
          "zIndex": -1,
        }
      }
    />
  </View>
</View>
`;
